// Jest Snapshot v1, https://goo.gl/fbAQLP

exports[`Pruebas en el componente <HeroScreen /> debe mostrarse el componente <Link to="/" /> si no hay argumentos en la url  1`] = `""`;
